// Jest Snapshot v1, https://goo.gl/fbAQLP

exports[`renders correctly 1`] = `
<div
  style={
    Object {
      "color": "#435f71",
      "fontSize": "14px",
      "marginBottom": "24px",
      "textAlign": "center",
    }
  }
>
  <p
    style={
      Object {
        "fontWeight": "700",
      }
    }
  >
    mercredi
  </p>
  <p
    style={
      Object {
        "fontSize": "14px",
        "marginBottom": "24px",
        "textAlign": "center",
      }
    }
  >
     6 juin
  </p>
</div>
`;
