// Jest Snapshot v1, https://goo.gl/fbAQLP

exports[`renders correctly 1`] = `
<div>
  <div
    className="card"
    onClick={[Function]}
    style={
      Object {
        "cursor": "pointer",
      }
    }
  >
    <div
      style={
        Object {
          "background": "linear-gradient(
         rgba(0, 0, 0, 0.5), 
         rgba(0, 0, 0, 0.5)
         ), url(undefined) center/100% no-repeat",
          "boxShadow": "0 19px 38px rgba(0, 0, 0, 0.3), 0 15px 12px rgba(0, 0, 0, 0.2)",
          "minHeight": "300px",
          "overflow": "hidden",
          "position": "relative",
        }
      }
    >
      <div
        className="data"
        style={
          Object {
            "bottom": "0",
            "position": "absolute",
            "transform": "translateY(calc(-10px + 1em))",
            "transition": "-webkit-transform 0.3s, transform 0.3s, transform 0.3s, -webkit-transform 0.3s",
            "webkitTransform": "translateY(calc(-10px + 1em))",
            "width": "100%",
          }
        }
      >
        <div
          className="content card-body"
        >
          <h5
            className="title card-title"
            style={
              Object {
                "fontWeight": "500",
                "marginTop": "10px",
              }
            }
          >
            <p
              style={
                Object {
                  "color": "#FFF",
                }
              }
            />
          </h5>
        </div>
      </div>
    </div>
  </div>
</div>
`;
