// Jest Snapshot v1, https://goo.gl/fbAQLP

exports[`renders correctly 1`] = `
<div>
  <div
    className="card"
    onClick={[Function]}
    style={
      Object {
        "cursor": "pointer",
      }
    }
  >
    <div
      style={
        Object {
          "background": "linear-gradient(
         rgba(0, 0, 0, 0.5), 
         rgba(0, 0, 0, 0.5)
         ), url(undefined) center/100% no-repeat",
          "boxShadow": "0 19px 38px rgba(0, 0, 0, 0.3), 0 15px 12px rgba(0, 0, 0, 0.2)",
          "minHeight": "300px",
          "overflow": "hidden",
          "position": "relative",
        }
      }
    >
      <div
        className="data"
        style={
          Object {
            "bottom": "0",
            "position": "absolute",
            "transform": "translateY(calc(-10px + 1em))",
            "transition": "-webkit-transform 0.3s, transform 0.3s, transform 0.3s, -webkit-transform 0.3s",
            "webkitTransform": "translateY(calc(-10px + 1em))",
            "width": "100%",
          }
        }
      >
        <div
          className="content card-body"
        >
          <h5
            className="title card-title"
            style={
              Object {
                "background": "linear-gradient(
                                    rgba(255, 255, 255, 0.1), 
                                   rgba(255, 255, 255, 0.1)
                                   ),  center/100% no-repeat",
                "backgroundColor": "rgba(255, 255, 255, 0.2)",
                "borderRadius": "10px",
                "fontSize": "30px",
                "fontWeight": "500",
                "marginBottom": "120px",
                "maxWidth": "auto",
                "minWidth": "auto",
                "width": "auto",
              }
            }
          >
            <p
              style={
                Object {
                  "color": "#FFF",
                }
              }
            />
          </h5>
        </div>
        <div
          className="card-footer"
          style={
            Object {
              "backgroundColor": "rgba(136,136,136, 0.5)",
            }
          }
        >
          <p
            className="text"
            style={
              Object {
                "color": "#fff",
                "height": "70px",
                "margin": "0",
                "transform": "translateY(calc(0px + 1em))",
                "webkitTransform": "translateY(calc(0px + 1em))",
              }
            }
          />
        </div>
      </div>
    </div>
  </div>
</div>
`;
