// Jest Snapshot v1, https://goo.gl/fbAQLP

exports[`renders correctly 1`] = `
<header>
  <img
    alt="logo"
    className="w-25 p-3"
    src="http://res.cloudinary.com/dlfnke6kc/image/upload/v1527837786/karols-600x600px_fdxlcu.jpg"
  />
  <div
    className="mt-3 mb-4 dropdown"
    onKeyDown={[Function]}
  >
    <button
      aria-expanded={false}
      aria-haspopup={true}
      className="dropdown-toggle btn btn-secondary"
      onClick={[Function]}
      type="button"
    >
      Choisissez votre boutique
    </button>
    <div
      aria-hidden={true}
      className="dropdown-menu"
      role="menu"
      tabIndex="-1"
      x-placement={undefined}
    >
      <button
        className="dropdown-item"
        onClick={[Function]}
        tabIndex="0"
        type="button"
      >
        Paris
      </button>
      <div
        className="dropdown-divider"
        onClick={[Function]}
        tabIndex="-1"
        type={undefined}
      />
      <button
        className="dropdown-item"
        onClick={[Function]}
        tabIndex="0"
        type="button"
      >
        Lyon
      </button>
      <div
        className="dropdown-divider"
        onClick={[Function]}
        tabIndex="-1"
        type={undefined}
      />
      <button
        className="dropdown-item"
        onClick={[Function]}
        tabIndex="0"
        type="button"
      >
        Cannes
      </button>
    </div>
  </div>
</header>
`;
