// Jest Snapshot v1, https://goo.gl/fbAQLP

exports[`renders correctly 1`] = `
<div
  className="row"
>
  <div
    className="text-center mb-3 col-lg-3"
  >
    <div
      className="mb-4"
    >
      <div
        className="card text-white"
      >
        <img
          alt="Name of service"
          className="img-fluid"
          height="250"
          src="https://images.unsplash.com/33/YOfYx7zhTvYBGYs6g83s_IMG_8643.jpg?ixlib=rb-0.3.5&ixid=eyJhcHBfaWQiOjEyMDd9&s=82fecbde67b1966b4ea8118f3bea896e&auto=format&fit=crop&w=967&q=80"
          width="500"
        />
        <div
          className="card-img-overlay"
        >
          <h5
            className="card-title"
            style={
              Object {
                "fontSize": "2em",
              }
            }
          >
            Paris
          </h5>
          <p
            className="card-text"
          >
            75000
          </p>
        </div>
        <div
          className="card-footer"
        >
          <button
            className="btn btn-default btn-lg btn-block"
            onClick={[Function]}
            type={undefined}
          >
            Choisir ce service
          </button>
        </div>
      </div>
    </div>
  </div>
  <div
    className="text-center col-lg-3"
  >
    <div
      className="mb-4"
    >
      <div
        className="card text-white"
      >
        <img
          alt="Name of service"
          className="img-fluid"
          height="250"
          src="https://images.unsplash.com/photo-1496277195689-21125faa0eeb?ixlib=rb-0.3.5&ixid=eyJhcHBfaWQiOjEyMDd9&s=789210ffc73d1822ce69059fcefcabf0&auto=format&fit=crop&w=1050&q=80"
          width="500"
        />
        <div
          className="card-img-overlay"
        >
          <h5
            className="card-title"
            style={
              Object {
                "fontSize": "2em",
              }
            }
          >
            Lyon
          </h5>
          <p
            className="card-text"
          >
            69000
          </p>
        </div>
        <div
          className="card-footer"
        >
          <button
            className="btn btn-default btn-lg btn-block"
            onClick={[Function]}
            type={undefined}
          >
            Choisir ce service
          </button>
        </div>
      </div>
    </div>
  </div>
  <div
    className="text-center col-lg-3"
  >
    <div
      className="mb-4"
    >
      <div
        className="card text-white"
      >
        <img
          alt="Name of service"
          className="img-fluid"
          height="250"
          src="https://thumb7.shutterstock.com/display_pic_with_logo/570547/155126774/stock-photo-image-shows-the-cosmopolitan-city-of-cannes-in-the-french-riviera-155126774.jpg"
          width="500"
        />
        <div
          className="card-img-overlay"
        >
          <h5
            className="card-title"
            style={
              Object {
                "fontSize": "2em",
              }
            }
          >
            Cannes
          </h5>
          <p
            className="card-text"
          >
            06150
          </p>
        </div>
        <div
          className="card-footer"
        >
          <button
            className="btn btn-default btn-lg btn-block"
            onClick={[Function]}
            type={undefined}
          >
            Choisir ce service
          </button>
        </div>
      </div>
    </div>
  </div>
</div>
`;
