// Jest Snapshot v1, https://goo.gl/fbAQLP

exports[`renders correctly 1`] = `
<div
  className="row"
>
  <div
    className="text-center mb-3 col-lg-3"
  >
    <div
      className="mb-4"
    >
      <div
        className="card text-white"
      >
        <img
          alt="Name of service"
          className="img-fluid"
          height="250"
          src="http://cache.marieclaire.fr/data/photo/w500_h250_ci/53/maquillage-peche.jpg"
          width="500"
        />
        <div
          className="card-img-overlay"
        >
          <h5
            className="card-title"
            style={
              Object {
                "fontSize": "2em",
              }
            }
          >
            Maquillage naturel
          </h5>
          <p
            className="card-text"
          >
            Description
          </p>
        </div>
      </div>
    </div>
  </div>
  <div
    className="text-center col-lg-3"
  >
    <div
      className="mb-4"
    >
      <div
        className="card text-white"
      >
        <img
          alt="Name of service"
          className="img-fluid"
          height="250"
          src="https://s3.amazonaws.com/rose.vero/wp-content/uploads/2017/01/09113800/VERO07_476-500x250.jpg"
          width="500"
        />
        <div
          className="card-img-overlay"
        >
          <h5
            className="card-title"
            style={
              Object {
                "fontSize": "2em",
              }
            }
          >
            Maquillage glamour
          </h5>
          <p
            className="card-text"
          >
            Description
          </p>
        </div>
      </div>
    </div>
  </div>
  <div
    className="text-center col-lg-3"
  >
    <div
      className="mb-4"
    >
      <div
        className="card text-white"
      >
        <img
          alt="Name of service"
          className="img-fluid"
          height="250"
          src="http://astuces-de-mamie.com/wp-content/uploads/2017/04/femme-maquillage-vert.jpg"
          width="500"
        />
        <div
          className="card-img-overlay"
        >
          <h5
            className="card-title"
            style={
              Object {
                "fontSize": "2em",
              }
            }
          >
            Maquillage magique
          </h5>
          <p
            className="card-text"
          >
            Description
          </p>
        </div>
      </div>
    </div>
  </div>
  <div
    className="text-center col-lg-3"
  >
    <div
      className="mb-4"
    >
      <div
        className="card text-white"
      >
        <img
          alt="Name of service"
          className="img-fluid"
          height="250"
          src="http://cache.magicmaman.com/data/photo/w500_h250_ci/4s/maquillage-enfant-carnaval.jpg"
          width="500"
        />
        <div
          className="card-img-overlay"
        >
          <h5
            className="card-title"
            style={
              Object {
                "fontSize": "2em",
              }
            }
          >
            Maquillage enfant
          </h5>
          <p
            className="card-text"
          >
            Description
          </p>
        </div>
      </div>
    </div>
  </div>
</div>
`;
