// Jest Snapshot v1, https://goo.gl/fbAQLP

exports[`renders correctly 1`] = `
<div
  className="mt-4 mb-4"
>
  <div
    className="form-check form-check-inline"
  >
    <label
      className="form-check-label "
      htmlFor={undefined}
    >
      <input
        className="form-check-input"
        name="gender"
        type="radio"
      />
       Femme
    </label>
  </div>
  <div
    className="form-check form-check-inline"
  >
    <label
      className=""
      htmlFor={undefined}
    >
      <input
        className="form-check-input"
        name="gender"
        type="radio"
      />
       Homme
    </label>
  </div>
</div>
`;
