// Jest Snapshot v1, https://goo.gl/fbAQLP

exports[`renders correctly 1`] = `
<div
  className="text-center row"
>
  <div
    className="col-12 col-md-6 col-lg-3"
  >
    <div
      className="mb-4"
    >
      <div
        className="card text-white"
      >
        <img
          alt="Prestations"
          className="img-fluid"
          src="https://images.unsplash.com/photo-1520173043194-dc6b2a237fee?ixlib=rb-0.3.5&ixid=eyJhcHBfaWQiOjEyMDd9&s=9da78404d02fafbd40afdf2b59dc2d9d&auto=format&fit=crop&w=800&q=60"
        />
        <div
          className="card-img-overlay"
        >
          <h5
            className="card-title"
          >
            Card Title
          </h5>
          <p
            className="card-text"
          >
            Choisissez votre prestation
          </p>
        </div>
      </div>
    </div>
  </div>
  <div
    className="col-12 col-md-6 col-lg-3"
  >
    <div
      className="mb-4"
    >
      <div
        className="card text-white"
      >
        <img
          alt="Prestations"
          className="img-fluid"
          src="https://images.unsplash.com/photo-1520173043194-dc6b2a237fee?ixlib=rb-0.3.5&ixid=eyJhcHBfaWQiOjEyMDd9&s=9da78404d02fafbd40afdf2b59dc2d9d&auto=format&fit=crop&w=800&q=60"
        />
        <div
          className="card-img-overlay"
        >
          <h5
            className="card-title"
          >
            Card Title
          </h5>
          <p
            className="card-text"
          >
            Choisissez votre prestation
          </p>
        </div>
      </div>
    </div>
  </div>
  <div
    className="col-12 col-md-6 col-lg-3"
  >
    <div
      className="mb-4"
    >
      <div
        className="card text-white"
      >
        <img
          alt="Prestations"
          className="img-fluid"
          src="https://images.unsplash.com/photo-1520173043194-dc6b2a237fee?ixlib=rb-0.3.5&ixid=eyJhcHBfaWQiOjEyMDd9&s=9da78404d02fafbd40afdf2b59dc2d9d&auto=format&fit=crop&w=800&q=60"
        />
        <div
          className="card-img-overlay"
        >
          <h5
            className="card-title"
          >
            Card Title
          </h5>
          <p
            className="card-text"
          >
            Choisissez votre prestation
          </p>
        </div>
      </div>
    </div>
  </div>
  <div
    className="col-12 col-md-6 col-lg-3"
  >
    <div
      className="mb-4"
    >
      <div
        className="card text-white"
      >
        <img
          alt="Prestations"
          className="img-fluid"
          src="https://images.unsplash.com/photo-1520173043194-dc6b2a237fee?ixlib=rb-0.3.5&ixid=eyJhcHBfaWQiOjEyMDd9&s=9da78404d02fafbd40afdf2b59dc2d9d&auto=format&fit=crop&w=800&q=60"
        />
        <div
          className="card-img-overlay"
        >
          <h5
            className="card-title"
          >
            Card Title
          </h5>
          <p
            className="card-text"
          >
            Choisissez votre prestation
          </p>
        </div>
      </div>
    </div>
  </div>
</div>
`;
