// Jest Snapshot v1, https://goo.gl/fbAQLP

exports[`renders correctly 1`] = `
<div
  className="container"
>
  <div
    className="row"
  >
    <div
      className="text-center col"
    >
      <header>
        <img
          alt="logo"
          className="w-25 p-3"
          src="http://res.cloudinary.com/dlfnke6kc/image/upload/v1527837786/karols-600x600px_fdxlcu.jpg"
        />
        <div
          className="mb-4"
        >
          <div
            className="card text-white"
          >
            <img
              alt="Name of service"
              className="img-fluid"
              height="250"
              src={undefined}
              width="500"
            />
            <div
              className="card-img-overlay"
            >
              <h5
                className="card-title"
                style={
                  Object {
                    "fontSize": "2em",
                  }
                }
              />
              <p
                className="card-text"
              />
            </div>
            <div
              className="card-footer"
            >
              <button
                className="btn btn-default btn-lg btn-block"
                onClick={[Function]}
                type={undefined}
              >
                Choisir ce service
              </button>
            </div>
          </div>
        </div>
      </header>
    </div>
  </div>
  <hr />
  <div
    className="row"
  >
    <div
      className="text-center mt-1 mb-3 col"
    >
      <div>
        <h2
          className="display-4"
        >
          Créez votre réservation
        </h2>
      </div>
    </div>
  </div>
  <div
    className="justify-content-center row"
  >
    <div
      className="col-12 col-md-4 col-lg-3"
    >
      <div
        className={undefined}
      >
        <div
          className="cardModel card card"
          style={Object {}}
        >
          <div
            className="wrapper text-center"
            style={
              Object {
                "backgroundImage": "url(https://cdn.foot-sur7.fr/700x503/articles/2017/11/Nabil%20Fekir%20iconsport_icon_laf_291117_05_34-3.jpg)",
                "backgroundPosition": "center",
                "backgroundRepeat": "no-repeat",
                "backgroundSize": "cover",
              }
            }
          >
            <div
              className="data"
            >
              <div
                className="content card-body"
              >
                <h5
                  className="title card-title"
                  style={
                    Object {
                      "fontWeight": "500",
                      "marginTop": "10px",
                    }
                  }
                >
                  <p
                    style={
                      Object {
                        "color": "#FFF",
                      }
                    }
                  >
                    Réservation
                  </p>
                </h5>
                <button
                  className="btn btn-secondary"
                  onClick={[Function]}
                  style={
                    Object {
                      "color": "#fff",
                      "display": "block",
                      "fontSize": "12px",
                      "fontWeight": "700",
                      "lineHeight": "1",
                      "margin": "2em auto 1em",
                      "marginBottom": "40px",
                      "padding": "10px 20px",
                      "position": "relative",
                      "textAlign": "center",
                    }
                  }
                  type={undefined}
                >
                  Sélectionner
                </button>
              </div>
              <div
                className="card-footer"
                style={
                  Object {
                    "backgroundColor": "rgba(136,136,136, 0.5)",
                  }
                }
              >
                <p
                  className="text"
                  style={
                    Object {
                      "height": "70px",
                      "margin": "0",
                    }
                  }
                >
                  Pour la description
                </p>
              </div>
            </div>
          </div>
        </div>
      </div>
    </div>
    <div
      className="col-12 col-md-4 col-lg-3"
    >
      <div
        className={undefined}
      >
        <div
          className="cardModel card card"
          style={Object {}}
        >
          <div
            className="wrapper text-center"
            style={
              Object {
                "backgroundImage": "url(https://cdn.foot-sur7.fr/700x503/articles/2017/11/Nabil%20Fekir%20iconsport_icon_laf_291117_05_34-3.jpg)",
                "backgroundPosition": "center",
                "backgroundRepeat": "no-repeat",
                "backgroundSize": "cover",
              }
            }
          >
            <div
              className="data"
            >
              <div
                className="content card-body"
              >
                <h5
                  className="title card-title"
                  style={
                    Object {
                      "fontWeight": "500",
                      "marginTop": "10px",
                    }
                  }
                >
                  <p
                    style={
                      Object {
                        "color": "#FFF",
                      }
                    }
                  >
                    Réservation
                  </p>
                </h5>
                <button
                  className="btn btn-secondary"
                  onClick={[Function]}
                  style={
                    Object {
                      "color": "#fff",
                      "display": "block",
                      "fontSize": "12px",
                      "fontWeight": "700",
                      "lineHeight": "1",
                      "margin": "2em auto 1em",
                      "marginBottom": "40px",
                      "padding": "10px 20px",
                      "position": "relative",
                      "textAlign": "center",
                    }
                  }
                  type={undefined}
                >
                  Sélectionner
                </button>
              </div>
              <div
                className="card-footer"
                style={
                  Object {
                    "backgroundColor": "rgba(136,136,136, 0.5)",
                  }
                }
              >
                <p
                  className="text"
                  style={
                    Object {
                      "height": "70px",
                      "margin": "0",
                    }
                  }
                >
                  Pour la description
                </p>
              </div>
            </div>
          </div>
        </div>
      </div>
    </div>
    <div
      className="col-12 col-md-4 col-lg-3"
    >
      <div
        className={undefined}
      >
        <div
          className="cardModel card card"
          style={Object {}}
        >
          <div
            className="wrapper text-center"
            style={
              Object {
                "backgroundImage": "url(https://cdn.foot-sur7.fr/700x503/articles/2017/11/Nabil%20Fekir%20iconsport_icon_laf_291117_05_34-3.jpg)",
                "backgroundPosition": "center",
                "backgroundRepeat": "no-repeat",
                "backgroundSize": "cover",
              }
            }
          >
            <div
              className="data"
            >
              <div
                className="content card-body"
              >
                <h5
                  className="title card-title"
                  style={
                    Object {
                      "fontWeight": "500",
                      "marginTop": "10px",
                    }
                  }
                >
                  <p
                    style={
                      Object {
                        "color": "#FFF",
                      }
                    }
                  >
                    Réservation
                  </p>
                </h5>
                <button
                  className="btn btn-secondary"
                  onClick={[Function]}
                  style={
                    Object {
                      "color": "#fff",
                      "display": "block",
                      "fontSize": "12px",
                      "fontWeight": "700",
                      "lineHeight": "1",
                      "margin": "2em auto 1em",
                      "marginBottom": "40px",
                      "padding": "10px 20px",
                      "position": "relative",
                      "textAlign": "center",
                    }
                  }
                  type={undefined}
                >
                  Sélectionner
                </button>
              </div>
              <div
                className="card-footer"
                style={
                  Object {
                    "backgroundColor": "rgba(136,136,136, 0.5)",
                  }
                }
              >
                <p
                  className="text"
                  style={
                    Object {
                      "height": "70px",
                      "margin": "0",
                    }
                  }
                >
                  Pour la description
                </p>
              </div>
            </div>
          </div>
        </div>
      </div>
    </div>
  </div>
  <hr />
  <div
    className="row"
  >
    <div
      className="text-center col"
    >
      <div
        className="row"
      >
        <div
          className="text-center mb-3 col-lg-6"
        >
          <div
            className="mb-4"
          >
            <div
              className={undefined}
            >
              <div
                className="cardModel card card"
                style={Object {}}
              >
                <div
                  className="wrapper text-center"
                  style={
                    Object {
                      "backgroundImage": "url(https://images.unsplash.com/photo-1476493279419-b785d41e38d8?ixlib=rb-0.3.5&ixid=eyJhcHBfaWQiOjEyMDd9&s=4920987ab334960a4d39b9db70555ef5&auto=format&fit=crop&w=1050&q=80)",
                      "backgroundPosition": "center",
                      "backgroundRepeat": "no-repeat",
                      "backgroundSize": "cover",
                    }
                  }
                >
                  <div
                    className="data"
                  >
                    <div
                      className="content card-body"
                    >
                      <h5
                        className="city card-title"
                        style={
                          Object {
                            "fontWeight": "500",
                            "marginTop": "10px",
                          }
                        }
                      >
                        <p
                          style={
                            Object {
                              "color": "#FFF",
                            }
                          }
                        >
                          Femme
                        </p>
                      </h5>
                      <button
                        className="btn btn-secondary"
                        onClick={[Function]}
                        style={
                          Object {
                            "color": "#fff",
                            "display": "block",
                            "fontSize": "12px",
                            "fontWeight": "700",
                            "lineHeight": "1",
                            "margin": "2em auto 1em",
                            "marginBottom": "40px",
                            "padding": "10px 20px",
                            "position": "relative",
                            "textAlign": "center",
                          }
                        }
                        type={undefined}
                      >
                        Sélectionner
                      </button>
                    </div>
                  </div>
                </div>
              </div>
            </div>
          </div>
        </div>
        <div
          className="text-center col-lg-6"
        >
          <div
            className="mb-4"
          >
            <div
              className={undefined}
            >
              <div
                className="cardModel card card"
                style={Object {}}
              >
                <div
                  className="wrapper text-center"
                  style={
                    Object {
                      "backgroundImage": "url(https://images.unsplash.com/photo-1480455624313-e29b44bbfde1?ixlib=rb-0.3.5&ixid=eyJhcHBfaWQiOjEyMDd9&s=153fb8f3b75056ae1c47da65bf392afa&auto=format&fit=crop&w=1050&q=80)",
                      "backgroundPosition": "center",
                      "backgroundRepeat": "no-repeat",
                      "backgroundSize": "cover",
                    }
                  }
                >
                  <div
                    className="data"
                  >
                    <div
                      className="content card-body"
                    >
                      <h5
                        className="city card-title"
                        style={
                          Object {
                            "fontWeight": "500",
                            "marginTop": "10px",
                          }
                        }
                      >
                        <p
                          style={
                            Object {
                              "color": "#FFF",
                            }
                          }
                        >
                          Homme
                        </p>
                      </h5>
                      <button
                        className="btn btn-secondary"
                        onClick={[Function]}
                        style={
                          Object {
                            "color": "#fff",
                            "display": "block",
                            "fontSize": "12px",
                            "fontWeight": "700",
                            "lineHeight": "1",
                            "margin": "2em auto 1em",
                            "marginBottom": "40px",
                            "padding": "10px 20px",
                            "position": "relative",
                            "textAlign": "center",
                          }
                        }
                        type={undefined}
                      >
                        Sélectionner
                      </button>
                    </div>
                  </div>
                </div>
              </div>
            </div>
          </div>
        </div>
      </div>
    </div>
  </div>
  <hr />
  <div
    className="row"
  >
    <div
      className="text-center col"
    >
      <div>
        <h3
          className="mt-3 mb-4"
        >
           
          Maquillage
           
        </h3>
      </div>
    </div>
  </div>
  <div
    className="row"
  >
    <div
      className="text-center mb-3 col-lg-3"
    >
      <div
        className="mb-4"
      >
        <div
          className="card text-white"
        >
          <img
            alt="Name of service"
            className="img-fluid"
            height="250"
            src="http://cache.marieclaire.fr/data/photo/w500_h250_ci/53/maquillage-peche.jpg"
            width="500"
          />
          <div
            className="card-img-overlay"
          >
            <h5
              className="card-title"
              style={
                Object {
                  "fontSize": "2em",
                }
              }
            >
              Maquillage naturel
            </h5>
            <p
              className="card-text"
            >
              Description
            </p>
          </div>
        </div>
      </div>
    </div>
    <div
      className="text-center col-lg-3"
    >
      <div
        className="mb-4"
      >
        <div
          className="card text-white"
        >
          <img
            alt="Name of service"
            className="img-fluid"
            height="250"
            src="https://s3.amazonaws.com/rose.vero/wp-content/uploads/2017/01/09113800/VERO07_476-500x250.jpg"
            width="500"
          />
          <div
            className="card-img-overlay"
          >
            <h5
              className="card-title"
              style={
                Object {
                  "fontSize": "2em",
                }
              }
            >
              Maquillage glamour
            </h5>
            <p
              className="card-text"
            >
              Description
            </p>
          </div>
        </div>
      </div>
    </div>
    <div
      className="text-center col-lg-3"
    >
      <div
        className="mb-4"
      >
        <div
          className="card text-white"
        >
          <img
            alt="Name of service"
            className="img-fluid"
            height="250"
            src="http://astuces-de-mamie.com/wp-content/uploads/2017/04/femme-maquillage-vert.jpg"
            width="500"
          />
          <div
            className="card-img-overlay"
          >
            <h5
              className="card-title"
              style={
                Object {
                  "fontSize": "2em",
                }
              }
            >
              Maquillage magique
            </h5>
            <p
              className="card-text"
            >
              Description
            </p>
          </div>
        </div>
      </div>
    </div>
    <div
      className="text-center col-lg-3"
    >
      <div
        className="mb-4"
      >
        <div
          className="card text-white"
        >
          <img
            alt="Name of service"
            className="img-fluid"
            height="250"
            src="http://cache.magicmaman.com/data/photo/w500_h250_ci/4s/maquillage-enfant-carnaval.jpg"
            width="500"
          />
          <div
            className="card-img-overlay"
          >
            <h5
              className="card-title"
              style={
                Object {
                  "fontSize": "2em",
                }
              }
            >
              Maquillage enfant
            </h5>
            <p
              className="card-text"
            >
              Description
            </p>
          </div>
        </div>
      </div>
    </div>
  </div>
  <hr />
  <div
    className="row"
  >
    <div
      className="text-center col"
    >
      <div>
        <h3
          className="mt-3 mb-4"
        >
           
          Coiffure
           
        </h3>
      </div>
    </div>
  </div>
  <div
    className="row"
  >
    <div
      className="text-center mb-3 col-lg-3"
    >
      <div
        className="mb-4"
      >
        <div
          className="card text-white"
        >
          <img
            alt="Name of service"
            className="img-fluid"
            height="250"
            src="http://cache.marieclaire.fr/data/photo/w500_h250_ci/53/maquillage-peche.jpg"
            width="500"
          />
          <div
            className="card-img-overlay"
          >
            <h5
              className="card-title"
              style={
                Object {
                  "fontSize": "2em",
                }
              }
            >
              Maquillage naturel
            </h5>
            <p
              className="card-text"
            >
              Description
            </p>
          </div>
        </div>
      </div>
    </div>
    <div
      className="text-center col-lg-3"
    >
      <div
        className="mb-4"
      >
        <div
          className="card text-white"
        >
          <img
            alt="Name of service"
            className="img-fluid"
            height="250"
            src="https://s3.amazonaws.com/rose.vero/wp-content/uploads/2017/01/09113800/VERO07_476-500x250.jpg"
            width="500"
          />
          <div
            className="card-img-overlay"
          >
            <h5
              className="card-title"
              style={
                Object {
                  "fontSize": "2em",
                }
              }
            >
              Maquillage glamour
            </h5>
            <p
              className="card-text"
            >
              Description
            </p>
          </div>
        </div>
      </div>
    </div>
    <div
      className="text-center col-lg-3"
    >
      <div
        className="mb-4"
      >
        <div
          className="card text-white"
        >
          <img
            alt="Name of service"
            className="img-fluid"
            height="250"
            src="http://astuces-de-mamie.com/wp-content/uploads/2017/04/femme-maquillage-vert.jpg"
            width="500"
          />
          <div
            className="card-img-overlay"
          >
            <h5
              className="card-title"
              style={
                Object {
                  "fontSize": "2em",
                }
              }
            >
              Maquillage magique
            </h5>
            <p
              className="card-text"
            >
              Description
            </p>
          </div>
        </div>
      </div>
    </div>
    <div
      className="text-center col-lg-3"
    >
      <div
        className="mb-4"
      >
        <div
          className="card text-white"
        >
          <img
            alt="Name of service"
            className="img-fluid"
            height="250"
            src="http://cache.magicmaman.com/data/photo/w500_h250_ci/4s/maquillage-enfant-carnaval.jpg"
            width="500"
          />
          <div
            className="card-img-overlay"
          >
            <h5
              className="card-title"
              style={
                Object {
                  "fontSize": "2em",
                }
              }
            >
              Maquillage enfant
            </h5>
            <p
              className="card-text"
            >
              Description
            </p>
          </div>
        </div>
      </div>
    </div>
  </div>
  <hr />
  <div
    className="row"
  >
    <div
      className="text-center col"
    >
      <div>
        <h3
          className="mt-3 mb-4"
        >
           
          Ongles
           
        </h3>
      </div>
    </div>
  </div>
  <hr />
  <div
    className="row"
  >
    <div
      className="text-center col"
    >
      <div
        className="row"
      >
        <div
          className="text-center mb-3 col-lg-3"
        >
          <div
            className="mb-4"
          >
            <div
              className="card text-white"
            >
              <img
                alt="Name of service"
                className="img-fluid"
                height="250"
                src="http://cache.marieclaire.fr/data/photo/w500_h250_ci/53/maquillage-peche.jpg"
                width="500"
              />
              <div
                className="card-img-overlay"
              >
                <h5
                  className="card-title"
                  style={
                    Object {
                      "fontSize": "2em",
                    }
                  }
                >
                  Maquillage naturel
                </h5>
                <p
                  className="card-text"
                >
                  Description
                </p>
              </div>
            </div>
          </div>
        </div>
        <div
          className="text-center col-lg-3"
        >
          <div
            className="mb-4"
          >
            <div
              className="card text-white"
            >
              <img
                alt="Name of service"
                className="img-fluid"
                height="250"
                src="https://s3.amazonaws.com/rose.vero/wp-content/uploads/2017/01/09113800/VERO07_476-500x250.jpg"
                width="500"
              />
              <div
                className="card-img-overlay"
              >
                <h5
                  className="card-title"
                  style={
                    Object {
                      "fontSize": "2em",
                    }
                  }
                >
                  Maquillage glamour
                </h5>
                <p
                  className="card-text"
                >
                  Description
                </p>
              </div>
            </div>
          </div>
        </div>
        <div
          className="text-center col-lg-3"
        >
          <div
            className="mb-4"
          >
            <div
              className="card text-white"
            >
              <img
                alt="Name of service"
                className="img-fluid"
                height="250"
                src="http://astuces-de-mamie.com/wp-content/uploads/2017/04/femme-maquillage-vert.jpg"
                width="500"
              />
              <div
                className="card-img-overlay"
              >
                <h5
                  className="card-title"
                  style={
                    Object {
                      "fontSize": "2em",
                    }
                  }
                >
                  Maquillage magique
                </h5>
                <p
                  className="card-text"
                >
                  Description
                </p>
              </div>
            </div>
          </div>
        </div>
        <div
          className="text-center col-lg-3"
        >
          <div
            className="mb-4"
          >
            <div
              className="card text-white"
            >
              <img
                alt="Name of service"
                className="img-fluid"
                height="250"
                src="http://cache.magicmaman.com/data/photo/w500_h250_ci/4s/maquillage-enfant-carnaval.jpg"
                width="500"
              />
              <div
                className="card-img-overlay"
              >
                <h5
                  className="card-title"
                  style={
                    Object {
                      "fontSize": "2em",
                    }
                  }
                >
                  Maquillage enfant
                </h5>
                <p
                  className="card-text"
                >
                  Description
                </p>
              </div>
            </div>
          </div>
        </div>
      </div>
    </div>
  </div>
  <hr />
  <div
    className="row"
  >
    <div
      className="text-center col"
    >
      <div
        className="text-center mb-5"
      >
        <form>
          <p>
            Sélectionnez votre date souhaitée :
          </p>
          <input
            name="preferreddatechoice"
            type="date"
          />
        </form>
      </div>
    </div>
  </div>
  <div
    className="row"
  >
    <div
      className="text-center col"
    >
      <div
        className="d-flex justify-content-center"
      >
        <div
          style={
            Object {
              "flexBasis": "0px",
              "flexGrow": "1",
              "flexShrink": "0",
              "margin": "0 7px",
              "maxWidth": "75px",
            }
          }
        >
          <div
            style={
              Object {
                "color": "#435f71",
                "fontSize": "14px",
                "marginBottom": "24px",
                "textAlign": "center",
              }
            }
          >
            <p
              style={
                Object {
                  "fontWeight": "700",
                }
              }
            >
              mercredi
            </p>
            <p
              style={
                Object {
                  "fontSize": "14px",
                  "marginBottom": "24px",
                  "textAlign": "center",
                }
              }
            >
               6 juin
            </p>
          </div>
          <div
            style={
              Object {
                "display": "block",
              }
            }
          >
            <div
              className="justify-content-center"
            >
              <div
                style={
                  Object {
                    "backgroundColor": "#ccecfa",
                    "borderRadius": "4px",
                    "cursor": "pointer",
                    "fontSize": "14px",
                    "fontWeight": "700",
                    "height": "34px",
                    "lineHeight": "34px",
                    "margin": "10px 0",
                    "position": "relative",
                    "textAlign": "center",
                    "width": "100%",
                  }
                }
              >
                 
                13:30
                 
              </div>
            </div>
            <div
              className="justify-content-center"
            >
              <div
                style={
                  Object {
                    "backgroundColor": "#ccecfa",
                    "borderRadius": "4px",
                    "cursor": "pointer",
                    "fontSize": "14px",
                    "fontWeight": "700",
                    "height": "34px",
                    "lineHeight": "34px",
                    "margin": "10px 0",
                    "position": "relative",
                    "textAlign": "center",
                    "width": "100%",
                  }
                }
              >
                 
                13:30
                 
              </div>
            </div>
            <div
              className="justify-content-center"
            >
              <div
                style={
                  Object {
                    "backgroundColor": "#ccecfa",
                    "borderRadius": "4px",
                    "cursor": "pointer",
                    "fontSize": "14px",
                    "fontWeight": "700",
                    "height": "34px",
                    "lineHeight": "34px",
                    "margin": "10px 0",
                    "position": "relative",
                    "textAlign": "center",
                    "width": "100%",
                  }
                }
              >
                 
                13:30
                 
              </div>
            </div>
            <div
              className="justify-content-center"
            >
              <div
                style={
                  Object {
                    "backgroundColor": "#ccecfa",
                    "borderRadius": "4px",
                    "cursor": "pointer",
                    "fontSize": "14px",
                    "fontWeight": "700",
                    "height": "34px",
                    "lineHeight": "34px",
                    "margin": "10px 0",
                    "position": "relative",
                    "textAlign": "center",
                    "width": "100%",
                  }
                }
              >
                 
                13:30
                 
              </div>
            </div>
          </div>
        </div>
        <div
          style={
            Object {
              "flexBasis": "0px",
              "flexGrow": "1",
              "flexShrink": "0",
              "margin": "0 7px",
              "maxWidth": "75px",
            }
          }
        >
          <div
            style={
              Object {
                "color": "#435f71",
                "fontSize": "14px",
                "marginBottom": "24px",
                "textAlign": "center",
              }
            }
          >
            <p
              style={
                Object {
                  "fontWeight": "700",
                }
              }
            >
              mercredi
            </p>
            <p
              style={
                Object {
                  "fontSize": "14px",
                  "marginBottom": "24px",
                  "textAlign": "center",
                }
              }
            >
               6 juin
            </p>
          </div>
          <div
            style={
              Object {
                "display": "block",
              }
            }
          >
            <div
              className="justify-content-center"
            >
              <div
                style={
                  Object {
                    "backgroundColor": "#ccecfa",
                    "borderRadius": "4px",
                    "cursor": "pointer",
                    "fontSize": "14px",
                    "fontWeight": "700",
                    "height": "34px",
                    "lineHeight": "34px",
                    "margin": "10px 0",
                    "position": "relative",
                    "textAlign": "center",
                    "width": "100%",
                  }
                }
              >
                 
                13:30
                 
              </div>
            </div>
            <div
              className="justify-content-center"
            >
              <div
                style={
                  Object {
                    "backgroundColor": "#ccecfa",
                    "borderRadius": "4px",
                    "cursor": "pointer",
                    "fontSize": "14px",
                    "fontWeight": "700",
                    "height": "34px",
                    "lineHeight": "34px",
                    "margin": "10px 0",
                    "position": "relative",
                    "textAlign": "center",
                    "width": "100%",
                  }
                }
              >
                 
                13:30
                 
              </div>
            </div>
            <div
              className="justify-content-center"
            >
              <div
                style={
                  Object {
                    "backgroundColor": "#ccecfa",
                    "borderRadius": "4px",
                    "cursor": "pointer",
                    "fontSize": "14px",
                    "fontWeight": "700",
                    "height": "34px",
                    "lineHeight": "34px",
                    "margin": "10px 0",
                    "position": "relative",
                    "textAlign": "center",
                    "width": "100%",
                  }
                }
              >
                 
                13:30
                 
              </div>
            </div>
            <div
              className="justify-content-center"
            >
              <div
                style={
                  Object {
                    "backgroundColor": "#ccecfa",
                    "borderRadius": "4px",
                    "cursor": "pointer",
                    "fontSize": "14px",
                    "fontWeight": "700",
                    "height": "34px",
                    "lineHeight": "34px",
                    "margin": "10px 0",
                    "position": "relative",
                    "textAlign": "center",
                    "width": "100%",
                  }
                }
              >
                 
                13:30
                 
              </div>
            </div>
          </div>
        </div>
        <div
          style={
            Object {
              "flexBasis": "0px",
              "flexGrow": "1",
              "flexShrink": "0",
              "margin": "0 7px",
              "maxWidth": "75px",
            }
          }
        >
          <div
            style={
              Object {
                "color": "#435f71",
                "fontSize": "14px",
                "marginBottom": "24px",
                "textAlign": "center",
              }
            }
          >
            <p
              style={
                Object {
                  "fontWeight": "700",
                }
              }
            >
              mercredi
            </p>
            <p
              style={
                Object {
                  "fontSize": "14px",
                  "marginBottom": "24px",
                  "textAlign": "center",
                }
              }
            >
               6 juin
            </p>
          </div>
          <div
            style={
              Object {
                "display": "block",
              }
            }
          >
            <div
              className="justify-content-center"
            >
              <div
                style={
                  Object {
                    "backgroundColor": "#ccecfa",
                    "borderRadius": "4px",
                    "cursor": "pointer",
                    "fontSize": "14px",
                    "fontWeight": "700",
                    "height": "34px",
                    "lineHeight": "34px",
                    "margin": "10px 0",
                    "position": "relative",
                    "textAlign": "center",
                    "width": "100%",
                  }
                }
              >
                 
                13:30
                 
              </div>
            </div>
            <div
              className="justify-content-center"
            >
              <div
                style={
                  Object {
                    "backgroundColor": "#ccecfa",
                    "borderRadius": "4px",
                    "cursor": "pointer",
                    "fontSize": "14px",
                    "fontWeight": "700",
                    "height": "34px",
                    "lineHeight": "34px",
                    "margin": "10px 0",
                    "position": "relative",
                    "textAlign": "center",
                    "width": "100%",
                  }
                }
              >
                 
                13:30
                 
              </div>
            </div>
            <div
              className="justify-content-center"
            >
              <div
                style={
                  Object {
                    "backgroundColor": "#ccecfa",
                    "borderRadius": "4px",
                    "cursor": "pointer",
                    "fontSize": "14px",
                    "fontWeight": "700",
                    "height": "34px",
                    "lineHeight": "34px",
                    "margin": "10px 0",
                    "position": "relative",
                    "textAlign": "center",
                    "width": "100%",
                  }
                }
              >
                 
                13:30
                 
              </div>
            </div>
            <div
              className="justify-content-center"
            >
              <div
                style={
                  Object {
                    "backgroundColor": "#ccecfa",
                    "borderRadius": "4px",
                    "cursor": "pointer",
                    "fontSize": "14px",
                    "fontWeight": "700",
                    "height": "34px",
                    "lineHeight": "34px",
                    "margin": "10px 0",
                    "position": "relative",
                    "textAlign": "center",
                    "width": "100%",
                  }
                }
              >
                 
                13:30
                 
              </div>
            </div>
          </div>
        </div>
        <div
          style={
            Object {
              "flexBasis": "0px",
              "flexGrow": "1",
              "flexShrink": "0",
              "margin": "0 7px",
              "maxWidth": "75px",
            }
          }
        >
          <div
            style={
              Object {
                "color": "#435f71",
                "fontSize": "14px",
                "marginBottom": "24px",
                "textAlign": "center",
              }
            }
          >
            <p
              style={
                Object {
                  "fontWeight": "700",
                }
              }
            >
              mercredi
            </p>
            <p
              style={
                Object {
                  "fontSize": "14px",
                  "marginBottom": "24px",
                  "textAlign": "center",
                }
              }
            >
               6 juin
            </p>
          </div>
          <div
            style={
              Object {
                "display": "block",
              }
            }
          >
            <div
              className="justify-content-center"
            >
              <div
                style={
                  Object {
                    "backgroundColor": "#ccecfa",
                    "borderRadius": "4px",
                    "cursor": "pointer",
                    "fontSize": "14px",
                    "fontWeight": "700",
                    "height": "34px",
                    "lineHeight": "34px",
                    "margin": "10px 0",
                    "position": "relative",
                    "textAlign": "center",
                    "width": "100%",
                  }
                }
              >
                 
                13:30
                 
              </div>
            </div>
            <div
              className="justify-content-center"
            >
              <div
                style={
                  Object {
                    "backgroundColor": "#ccecfa",
                    "borderRadius": "4px",
                    "cursor": "pointer",
                    "fontSize": "14px",
                    "fontWeight": "700",
                    "height": "34px",
                    "lineHeight": "34px",
                    "margin": "10px 0",
                    "position": "relative",
                    "textAlign": "center",
                    "width": "100%",
                  }
                }
              >
                 
                13:30
                 
              </div>
            </div>
            <div
              className="justify-content-center"
            >
              <div
                style={
                  Object {
                    "backgroundColor": "#ccecfa",
                    "borderRadius": "4px",
                    "cursor": "pointer",
                    "fontSize": "14px",
                    "fontWeight": "700",
                    "height": "34px",
                    "lineHeight": "34px",
                    "margin": "10px 0",
                    "position": "relative",
                    "textAlign": "center",
                    "width": "100%",
                  }
                }
              >
                 
                13:30
                 
              </div>
            </div>
            <div
              className="justify-content-center"
            >
              <div
                style={
                  Object {
                    "backgroundColor": "#ccecfa",
                    "borderRadius": "4px",
                    "cursor": "pointer",
                    "fontSize": "14px",
                    "fontWeight": "700",
                    "height": "34px",
                    "lineHeight": "34px",
                    "margin": "10px 0",
                    "position": "relative",
                    "textAlign": "center",
                    "width": "100%",
                  }
                }
              >
                 
                13:30
                 
              </div>
            </div>
          </div>
        </div>
        <div
          style={
            Object {
              "flexBasis": "0px",
              "flexGrow": "1",
              "flexShrink": "0",
              "margin": "0 7px",
              "maxWidth": "75px",
            }
          }
        >
          <div
            style={
              Object {
                "color": "#435f71",
                "fontSize": "14px",
                "marginBottom": "24px",
                "textAlign": "center",
              }
            }
          >
            <p
              style={
                Object {
                  "fontWeight": "700",
                }
              }
            >
              mercredi
            </p>
            <p
              style={
                Object {
                  "fontSize": "14px",
                  "marginBottom": "24px",
                  "textAlign": "center",
                }
              }
            >
               6 juin
            </p>
          </div>
          <div
            style={
              Object {
                "display": "block",
              }
            }
          >
            <div
              className="justify-content-center"
            >
              <div
                style={
                  Object {
                    "backgroundColor": "#ccecfa",
                    "borderRadius": "4px",
                    "cursor": "pointer",
                    "fontSize": "14px",
                    "fontWeight": "700",
                    "height": "34px",
                    "lineHeight": "34px",
                    "margin": "10px 0",
                    "position": "relative",
                    "textAlign": "center",
                    "width": "100%",
                  }
                }
              >
                 
                13:30
                 
              </div>
            </div>
            <div
              className="justify-content-center"
            >
              <div
                style={
                  Object {
                    "backgroundColor": "#ccecfa",
                    "borderRadius": "4px",
                    "cursor": "pointer",
                    "fontSize": "14px",
                    "fontWeight": "700",
                    "height": "34px",
                    "lineHeight": "34px",
                    "margin": "10px 0",
                    "position": "relative",
                    "textAlign": "center",
                    "width": "100%",
                  }
                }
              >
                 
                13:30
                 
              </div>
            </div>
            <div
              className="justify-content-center"
            >
              <div
                style={
                  Object {
                    "backgroundColor": "#ccecfa",
                    "borderRadius": "4px",
                    "cursor": "pointer",
                    "fontSize": "14px",
                    "fontWeight": "700",
                    "height": "34px",
                    "lineHeight": "34px",
                    "margin": "10px 0",
                    "position": "relative",
                    "textAlign": "center",
                    "width": "100%",
                  }
                }
              >
                 
                13:30
                 
              </div>
            </div>
            <div
              className="justify-content-center"
            >
              <div
                style={
                  Object {
                    "backgroundColor": "#ccecfa",
                    "borderRadius": "4px",
                    "cursor": "pointer",
                    "fontSize": "14px",
                    "fontWeight": "700",
                    "height": "34px",
                    "lineHeight": "34px",
                    "margin": "10px 0",
                    "position": "relative",
                    "textAlign": "center",
                    "width": "100%",
                  }
                }
              >
                 
                13:30
                 
              </div>
            </div>
          </div>
        </div>
      </div>
    </div>
  </div>
  <hr />
  <div
    className="row"
  >
    <div
      className="text-center col"
    >
      <div
        className="form-group"
      >
        <button
          className="btn btn-primary btn-lg active"
          onClick={[Function]}
          type={undefined}
        >
          Récapitulatif
        </button>
      </div>
    </div>
  </div>
  <div
    className="row"
  >
    <div
      className="text-center col"
    >
      <div
        className="container"
      >
        <div
          className="row"
        >
          <div
            className="col"
          >
            linkedin
          </div>
          <div
            className="col"
          >
            projet
          </div>
          <div
            className="col"
          >
            liens
          </div>
        </div>
        <div
          className="row"
        >
          <div
            className="col"
          >
            linkedin
          </div>
          <div
            className="col"
          >
            projet
          </div>
          <div
            className="col"
          >
            liens
          </div>
        </div>
        <div
          className="row"
        >
          <div
            className="col"
          >
            linkedin
          </div>
          <div
            className="col"
          >
            projet
          </div>
          <div
            className="col"
          >
            liens
          </div>
        </div>
      </div>
    </div>
  </div>
</div>
`;
