// Jest Snapshot v1, https://goo.gl/fbAQLP

exports[`renders correctly 1`] = `
<div
  className="container"
>
  <div
    className="row"
  >
    <div
      className="text-center col"
    >
      <header>
        <img
          alt="logo"
          className="w-25 p-3"
          src="http://res.cloudinary.com/dlfnke6kc/image/upload/v1527837786/karols-600x600px_fdxlcu.jpg"
        />
        <div
          className="mt-3 mb-4 dropdown"
          onKeyDown={[Function]}
        >
          <button
            aria-expanded={false}
            aria-haspopup={true}
            className="dropdown-toggle btn btn-secondary"
            onClick={[Function]}
            style={
              Object {
                "fontSize": "1.5em",
              }
            }
            type="button"
          >
            Votre boutique
          </button>
          <div
            aria-hidden={true}
            className="text-center dropdown-menu"
            role="menu"
            style={
              Object {
                "fontSize": "1.5em",
              }
            }
            tabIndex="-1"
            x-placement={undefined}
          >
            <button
              className="dropdown-item"
              onClick={[Function]}
              style={
                Object {
                  "width": "200px",
                }
              }
              tabIndex="0"
              type="button"
            >
              Paris
            </button>
            <div
              className="dropdown-divider"
              onClick={[Function]}
              tabIndex="-1"
              type={undefined}
            />
            <button
              className="dropdown-item"
              onClick={[Function]}
              tabIndex="0"
              type="button"
            >
              Lyon
            </button>
            <div
              className="dropdown-divider"
              onClick={[Function]}
              tabIndex="-1"
              type={undefined}
            />
            <button
              className="dropdown-item"
              onClick={[Function]}
              tabIndex="0"
              type="button"
            >
              Cannes
            </button>
          </div>
        </div>
      </header>
    </div>
  </div>
  <hr />
  <div
    className="row"
  >
    <div
      className="text-center mt-1 mb-3 col"
    >
      <div>
        <h2
          className="display-4"
        >
          Créez votre réservation
        </h2>
      </div>
    </div>
  </div>
  <div
    className="row"
  >
    <div
      className="text-center mb-3 col-lg-4"
    >
      <div>
        <div
          className="card text-white"
        >
          <img
            className="card-img"
            src="https://images.unsplash.com/photo-1481501940778-c8bb63e376c5?ixlib=rb-0.3.5&ixid=eyJhcHBfaWQiOjEyMDd9&s=842a2f0d2f40bb7bb59bbdfd78289a0f&auto=format&fit=crop&w=1050&q=80"
            width="100%"
          />
          <div
            className="card-img-overlay"
          >
            <h5
              className="card-title"
              style={
                Object {
                  "fontSize": "2em",
                }
              }
            >
              Préparation
            </h5>
            <p
              className="card-text"
              style={
                Object {
                  "fontSize": "1.5em",
                }
              }
            >
              Description Préparation
            </p>
          </div>
          <div
            className="card-footer"
          >
            <button
              className="btn btn-default btn-lg btn-block"
              onClick={[Function]}
              type={undefined}
            >
              Choisir ce service
            </button>
          </div>
        </div>
      </div>
    </div>
    <div
      className="text-center col-lg-4"
    >
      <div>
        <div
          onMouseEnter={[Function]}
          onMouseLeave={[Function]}
        >
          <div>
            <div
              className="card text-white"
            >
              <div>
                <img
                  alt="Card image cap"
                  className="card-img"
                  src="http://www.lespiedssurterre.fr/wp-content/uploads/2017/09/MissCoiffure-choix.jpg"
                  width="100%"
                />
                <div
                  className="text-center card-img-overlay"
                >
                  <h5
                    className="card-title"
                    style={
                      Object {
                        "fontSize": "2em",
                      }
                    }
                  >
                    Titre !
                  </h5>
                </div>
              </div>
              <div
                className="card-footer"
              >
                <button
                  className="btn btn-default btn-lg btn-block"
                  onClick={[Function]}
                  type={undefined}
                >
                  Choisir ce service
                </button>
              </div>
            </div>
          </div>
        </div>
      </div>
    </div>
    <div
      className="text-center col-lg-4"
    >
      <div>
        <div
          className="card text-white"
        >
          <img
            className="card-img"
            src="https://images.unsplash.com/uploads/1412198485051133af17f/5049dacb?ixlib=rb-0.3.5&ixid=eyJhcHBfaWQiOjEyMDd9&s=dddba89812ed0325b966bf07aba683e3&auto=format&fit=crop&w=1050&q=80"
            width="100%"
          />
          <div
            className="card-img-overlay"
          >
            <h5
              className="card-title"
              style={
                Object {
                  "fontSize": "2em",
                }
              }
            >
              Table
            </h5>
            <p
              className="card-text"
              style={
                Object {
                  "fontSize": "1.5em",
                }
              }
            >
              Description Table
            </p>
          </div>
          <div
            className="card-footer"
          >
            <button
              className="btn btn-primary btn-lg btn-block"
              onClick={[Function]}
              type={undefined}
            >
              Choisir
            </button>
          </div>
        </div>
      </div>
    </div>
  </div>
  <hr />
  <div
    className="row"
  >
    <div
      className="text-center col"
    >
      <div
        className="mt-4 mb-4"
      >
        <div>
          <div
            className="card text-white card-body"
            style={
              Object {
                "backgroundColor": "#333",
                "borderColor": "#333",
              }
            }
          >
            <h5
              className="card-title"
              style={
                Object {
                  "fontSize": "2.5em",
                }
              }
            >
              Choisissez votre sexe
            </h5>
            <div
              className="d-flex"
            >
              <div
                className=" m-3 card"
              >
                <img
                  alt="Card image cap"
                  className="card-img-top"
                  height="300"
                  src="https://images.unsplash.com/photo-1448376561459-dbe8868fa34c?ixlib=rb-0.3.5ixid=eyJhcHBfaWQiOjEyMDd9s=361907f0deaaf183ac4ce6b62551dfb3auto=formatfit=cropw=1350q=80"
                  width="300"
                />
                <div
                  className="card-body"
                >
                  <button
                    className="btn btn-secondary"
                    onClick={[Function]}
                    type={undefined}
                  />
                </div>
              </div>
              <div
                className="m-3 card"
              >
                <img
                  alt="Card image cap"
                  className="card-img-top"
                  height="300"
                  src="https://images.unsplash.com/photo-1512236393941-3d6da97e56bc?ixlib=rb-0.3.5ixid=eyJhcHBfaWQiOjEyMDd9s=4deda26387ec695d02899757ecbad822auto=formatfit=cropw=1351q=80"
                  width="300"
                />
                <div
                  className="text-center card-body"
                >
                  <button
                    className="btn btn-secondary"
                    onClick={[Function]}
                    type={undefined}
                  />
                </div>
              </div>
            </div>
          </div>
        </div>
      </div>
    </div>
  </div>
  <hr />
  <div
    className="row"
  >
    <div
      className="text-center col"
    >
      <div>
        <h3
          className="mt-3 mb-4"
        >
           
          Maquillage
           
        </h3>
      </div>
    </div>
  </div>
  <div
    className="row"
  >
    <div
      className="text-center mb-3 col-lg-3"
    >
      <div
        className="mb-4"
      >
        <div
          className="card text-white"
        >
          <img
            alt="Name of service"
            className="img-fluid"
            height="250"
            src="http://cache.marieclaire.fr/data/photo/w500_h250_ci/53/maquillage-peche.jpg"
            width="500"
          />
          <div
            className="card-img-overlay"
          >
            <h5
              className="card-title"
              style={
                Object {
                  "fontSize": "2em",
                }
              }
            >
              Maquillage naturel
            </h5>
            <p
              className="card-text"
            >
              Description
            </p>
          </div>
        </div>
      </div>
    </div>
    <div
      className="text-center col-lg-3"
    >
      <div
        className="mb-4"
      >
        <div
          className="card text-white"
        >
          <img
            alt="Name of service"
            className="img-fluid"
            height="250"
            src="https://s3.amazonaws.com/rose.vero/wp-content/uploads/2017/01/09113800/VERO07_476-500x250.jpg"
            width="500"
          />
          <div
            className="card-img-overlay"
          >
            <h5
              className="card-title"
              style={
                Object {
                  "fontSize": "2em",
                }
              }
            >
              Maquillage glamour
            </h5>
            <p
              className="card-text"
            >
              Description
            </p>
          </div>
        </div>
      </div>
    </div>
    <div
      className="text-center col-lg-3"
    >
      <div
        className="mb-4"
      >
        <div
          className="card text-white"
        >
          <img
            alt="Name of service"
            className="img-fluid"
            height="250"
            src="http://astuces-de-mamie.com/wp-content/uploads/2017/04/femme-maquillage-vert.jpg"
            width="500"
          />
          <div
            className="card-img-overlay"
          >
            <h5
              className="card-title"
              style={
                Object {
                  "fontSize": "2em",
                }
              }
            >
              Maquillage magique
            </h5>
            <p
              className="card-text"
            >
              Description
            </p>
          </div>
        </div>
      </div>
    </div>
    <div
      className="text-center col-lg-3"
    >
      <div
        className="mb-4"
      >
        <div
          className="card text-white"
        >
          <img
            alt="Name of service"
            className="img-fluid"
            height="250"
            src="http://cache.magicmaman.com/data/photo/w500_h250_ci/4s/maquillage-enfant-carnaval.jpg"
            width="500"
          />
          <div
            className="card-img-overlay"
          >
            <h5
              className="card-title"
              style={
                Object {
                  "fontSize": "2em",
                }
              }
            >
              Maquillage enfant
            </h5>
            <p
              className="card-text"
            >
              Description
            </p>
          </div>
        </div>
      </div>
    </div>
  </div>
  <hr />
  <div
    className="row"
  >
    <div
      className="text-center col"
    >
      <div>
        <h3
          className="mt-3 mb-4"
        >
           
          Coiffure
           
        </h3>
      </div>
    </div>
  </div>
  <div
    className="row"
  >
    <div
      className="text-center mb-3 col-lg-3"
    >
      <div
        className="mb-4"
      >
        <div
          className="card text-white"
        >
          <img
            alt="Name of service"
            className="img-fluid"
            height="250"
            src="http://cache.marieclaire.fr/data/photo/w500_h250_ci/53/maquillage-peche.jpg"
            width="500"
          />
          <div
            className="card-img-overlay"
          >
            <h5
              className="card-title"
              style={
                Object {
                  "fontSize": "2em",
                }
              }
            >
              Maquillage naturel
            </h5>
            <p
              className="card-text"
            >
              Description
            </p>
          </div>
        </div>
      </div>
    </div>
    <div
      className="text-center col-lg-3"
    >
      <div
        className="mb-4"
      >
        <div
          className="card text-white"
        >
          <img
            alt="Name of service"
            className="img-fluid"
            height="250"
            src="https://s3.amazonaws.com/rose.vero/wp-content/uploads/2017/01/09113800/VERO07_476-500x250.jpg"
            width="500"
          />
          <div
            className="card-img-overlay"
          >
            <h5
              className="card-title"
              style={
                Object {
                  "fontSize": "2em",
                }
              }
            >
              Maquillage glamour
            </h5>
            <p
              className="card-text"
            >
              Description
            </p>
          </div>
        </div>
      </div>
    </div>
    <div
      className="text-center col-lg-3"
    >
      <div
        className="mb-4"
      >
        <div
          className="card text-white"
        >
          <img
            alt="Name of service"
            className="img-fluid"
            height="250"
            src="http://astuces-de-mamie.com/wp-content/uploads/2017/04/femme-maquillage-vert.jpg"
            width="500"
          />
          <div
            className="card-img-overlay"
          >
            <h5
              className="card-title"
              style={
                Object {
                  "fontSize": "2em",
                }
              }
            >
              Maquillage magique
            </h5>
            <p
              className="card-text"
            >
              Description
            </p>
          </div>
        </div>
      </div>
    </div>
    <div
      className="text-center col-lg-3"
    >
      <div
        className="mb-4"
      >
        <div
          className="card text-white"
        >
          <img
            alt="Name of service"
            className="img-fluid"
            height="250"
            src="http://cache.magicmaman.com/data/photo/w500_h250_ci/4s/maquillage-enfant-carnaval.jpg"
            width="500"
          />
          <div
            className="card-img-overlay"
          >
            <h5
              className="card-title"
              style={
                Object {
                  "fontSize": "2em",
                }
              }
            >
              Maquillage enfant
            </h5>
            <p
              className="card-text"
            >
              Description
            </p>
          </div>
        </div>
      </div>
    </div>
  </div>
  <hr />
  <div
    className="row"
  >
    <div
      className="text-center col"
    >
      <div>
        <h3
          className="mt-3 mb-4"
        >
           
          Ongles
           
        </h3>
      </div>
    </div>
  </div>
  <hr />
  <div
    className="row"
  >
    <div
      className="text-center col"
    >
      <div
        className="row"
      >
        <div
          className="text-center mb-3 col-lg-3"
        >
          <div
            className="mb-4"
          >
            <div
              className="card text-white"
            >
              <img
                alt="Name of service"
                className="img-fluid"
                height="250"
                src="http://cache.marieclaire.fr/data/photo/w500_h250_ci/53/maquillage-peche.jpg"
                width="500"
              />
              <div
                className="card-img-overlay"
              >
                <h5
                  className="card-title"
                  style={
                    Object {
                      "fontSize": "2em",
                    }
                  }
                >
                  Maquillage naturel
                </h5>
                <p
                  className="card-text"
                >
                  Description
                </p>
              </div>
            </div>
          </div>
        </div>
        <div
          className="text-center col-lg-3"
        >
          <div
            className="mb-4"
          >
            <div
              className="card text-white"
            >
              <img
                alt="Name of service"
                className="img-fluid"
                height="250"
                src="https://s3.amazonaws.com/rose.vero/wp-content/uploads/2017/01/09113800/VERO07_476-500x250.jpg"
                width="500"
              />
              <div
                className="card-img-overlay"
              >
                <h5
                  className="card-title"
                  style={
                    Object {
                      "fontSize": "2em",
                    }
                  }
                >
                  Maquillage glamour
                </h5>
                <p
                  className="card-text"
                >
                  Description
                </p>
              </div>
            </div>
          </div>
        </div>
        <div
          className="text-center col-lg-3"
        >
          <div
            className="mb-4"
          >
            <div
              className="card text-white"
            >
              <img
                alt="Name of service"
                className="img-fluid"
                height="250"
                src="http://astuces-de-mamie.com/wp-content/uploads/2017/04/femme-maquillage-vert.jpg"
                width="500"
              />
              <div
                className="card-img-overlay"
              >
                <h5
                  className="card-title"
                  style={
                    Object {
                      "fontSize": "2em",
                    }
                  }
                >
                  Maquillage magique
                </h5>
                <p
                  className="card-text"
                >
                  Description
                </p>
              </div>
            </div>
          </div>
        </div>
        <div
          className="text-center col-lg-3"
        >
          <div
            className="mb-4"
          >
            <div
              className="card text-white"
            >
              <img
                alt="Name of service"
                className="img-fluid"
                height="250"
                src="http://cache.magicmaman.com/data/photo/w500_h250_ci/4s/maquillage-enfant-carnaval.jpg"
                width="500"
              />
              <div
                className="card-img-overlay"
              >
                <h5
                  className="card-title"
                  style={
                    Object {
                      "fontSize": "2em",
                    }
                  }
                >
                  Maquillage enfant
                </h5>
                <p
                  className="card-text"
                >
                  Description
                </p>
              </div>
            </div>
          </div>
        </div>
      </div>
    </div>
  </div>
  <hr />
  <div
    className="row"
  >
    <div
      className="text-center col"
    >
      <div
        className="text-center mb-5"
      >
        <form>
          <p>
            Sélectionnez votre date souhaitée :
          </p>
          <input
            name="preferreddatechoice"
            type="date"
          />
        </form>
      </div>
    </div>
  </div>
  <div
    className="row"
  >
    <div
      className="text-center col"
    >
      <div
        className="d-flex justify-content-center"
      >
        <div
          style={
            Object {
              "flexBasis": "0px",
              "flexGrow": "1",
              "flexShrink": "0",
              "margin": "0 7px",
              "maxWidth": "75px",
            }
          }
        >
          <div
            style={
              Object {
                "color": "#435f71",
                "fontSize": "14px",
                "marginBottom": "24px",
                "textAlign": "center",
              }
            }
          >
            <p
              style={
                Object {
                  "fontWeight": "700",
                }
              }
            >
              mercredi
            </p>
            <p
              style={
                Object {
                  "fontSize": "14px",
                  "marginBottom": "24px",
                  "textAlign": "center",
                }
              }
            >
               6 juin
            </p>
          </div>
          <div
            style={
              Object {
                "display": "block",
              }
            }
          >
            <div
              className="justify-content-center"
            >
              <div
                style={
                  Object {
                    "backgroundColor": "#ccecfa",
                    "borderRadius": "4px",
                    "cursor": "pointer",
                    "fontSize": "14px",
                    "fontWeight": "700",
                    "height": "34px",
                    "lineHeight": "34px",
                    "margin": "10px 0",
                    "position": "relative",
                    "textAlign": "center",
                    "width": "100%",
                  }
                }
              >
                 
                13:30
                 
              </div>
            </div>
            <div
              className="justify-content-center"
            >
              <div
                style={
                  Object {
                    "backgroundColor": "#ccecfa",
                    "borderRadius": "4px",
                    "cursor": "pointer",
                    "fontSize": "14px",
                    "fontWeight": "700",
                    "height": "34px",
                    "lineHeight": "34px",
                    "margin": "10px 0",
                    "position": "relative",
                    "textAlign": "center",
                    "width": "100%",
                  }
                }
              >
                 
                13:30
                 
              </div>
            </div>
            <div
              className="justify-content-center"
            >
              <div
                style={
                  Object {
                    "backgroundColor": "#ccecfa",
                    "borderRadius": "4px",
                    "cursor": "pointer",
                    "fontSize": "14px",
                    "fontWeight": "700",
                    "height": "34px",
                    "lineHeight": "34px",
                    "margin": "10px 0",
                    "position": "relative",
                    "textAlign": "center",
                    "width": "100%",
                  }
                }
              >
                 
                13:30
                 
              </div>
            </div>
            <div
              className="justify-content-center"
            >
              <div
                style={
                  Object {
                    "backgroundColor": "#ccecfa",
                    "borderRadius": "4px",
                    "cursor": "pointer",
                    "fontSize": "14px",
                    "fontWeight": "700",
                    "height": "34px",
                    "lineHeight": "34px",
                    "margin": "10px 0",
                    "position": "relative",
                    "textAlign": "center",
                    "width": "100%",
                  }
                }
              >
                 
                13:30
                 
              </div>
            </div>
          </div>
        </div>
        <div
          style={
            Object {
              "flexBasis": "0px",
              "flexGrow": "1",
              "flexShrink": "0",
              "margin": "0 7px",
              "maxWidth": "75px",
            }
          }
        >
          <div
            style={
              Object {
                "color": "#435f71",
                "fontSize": "14px",
                "marginBottom": "24px",
                "textAlign": "center",
              }
            }
          >
            <p
              style={
                Object {
                  "fontWeight": "700",
                }
              }
            >
              mercredi
            </p>
            <p
              style={
                Object {
                  "fontSize": "14px",
                  "marginBottom": "24px",
                  "textAlign": "center",
                }
              }
            >
               6 juin
            </p>
          </div>
          <div
            style={
              Object {
                "display": "block",
              }
            }
          >
            <div
              className="justify-content-center"
            >
              <div
                style={
                  Object {
                    "backgroundColor": "#ccecfa",
                    "borderRadius": "4px",
                    "cursor": "pointer",
                    "fontSize": "14px",
                    "fontWeight": "700",
                    "height": "34px",
                    "lineHeight": "34px",
                    "margin": "10px 0",
                    "position": "relative",
                    "textAlign": "center",
                    "width": "100%",
                  }
                }
              >
                 
                13:30
                 
              </div>
            </div>
            <div
              className="justify-content-center"
            >
              <div
                style={
                  Object {
                    "backgroundColor": "#ccecfa",
                    "borderRadius": "4px",
                    "cursor": "pointer",
                    "fontSize": "14px",
                    "fontWeight": "700",
                    "height": "34px",
                    "lineHeight": "34px",
                    "margin": "10px 0",
                    "position": "relative",
                    "textAlign": "center",
                    "width": "100%",
                  }
                }
              >
                 
                13:30
                 
              </div>
            </div>
            <div
              className="justify-content-center"
            >
              <div
                style={
                  Object {
                    "backgroundColor": "#ccecfa",
                    "borderRadius": "4px",
                    "cursor": "pointer",
                    "fontSize": "14px",
                    "fontWeight": "700",
                    "height": "34px",
                    "lineHeight": "34px",
                    "margin": "10px 0",
                    "position": "relative",
                    "textAlign": "center",
                    "width": "100%",
                  }
                }
              >
                 
                13:30
                 
              </div>
            </div>
            <div
              className="justify-content-center"
            >
              <div
                style={
                  Object {
                    "backgroundColor": "#ccecfa",
                    "borderRadius": "4px",
                    "cursor": "pointer",
                    "fontSize": "14px",
                    "fontWeight": "700",
                    "height": "34px",
                    "lineHeight": "34px",
                    "margin": "10px 0",
                    "position": "relative",
                    "textAlign": "center",
                    "width": "100%",
                  }
                }
              >
                 
                13:30
                 
              </div>
            </div>
          </div>
        </div>
        <div
          style={
            Object {
              "flexBasis": "0px",
              "flexGrow": "1",
              "flexShrink": "0",
              "margin": "0 7px",
              "maxWidth": "75px",
            }
          }
        >
          <div
            style={
              Object {
                "color": "#435f71",
                "fontSize": "14px",
                "marginBottom": "24px",
                "textAlign": "center",
              }
            }
          >
            <p
              style={
                Object {
                  "fontWeight": "700",
                }
              }
            >
              mercredi
            </p>
            <p
              style={
                Object {
                  "fontSize": "14px",
                  "marginBottom": "24px",
                  "textAlign": "center",
                }
              }
            >
               6 juin
            </p>
          </div>
          <div
            style={
              Object {
                "display": "block",
              }
            }
          >
            <div
              className="justify-content-center"
            >
              <div
                style={
                  Object {
                    "backgroundColor": "#ccecfa",
                    "borderRadius": "4px",
                    "cursor": "pointer",
                    "fontSize": "14px",
                    "fontWeight": "700",
                    "height": "34px",
                    "lineHeight": "34px",
                    "margin": "10px 0",
                    "position": "relative",
                    "textAlign": "center",
                    "width": "100%",
                  }
                }
              >
                 
                13:30
                 
              </div>
            </div>
            <div
              className="justify-content-center"
            >
              <div
                style={
                  Object {
                    "backgroundColor": "#ccecfa",
                    "borderRadius": "4px",
                    "cursor": "pointer",
                    "fontSize": "14px",
                    "fontWeight": "700",
                    "height": "34px",
                    "lineHeight": "34px",
                    "margin": "10px 0",
                    "position": "relative",
                    "textAlign": "center",
                    "width": "100%",
                  }
                }
              >
                 
                13:30
                 
              </div>
            </div>
            <div
              className="justify-content-center"
            >
              <div
                style={
                  Object {
                    "backgroundColor": "#ccecfa",
                    "borderRadius": "4px",
                    "cursor": "pointer",
                    "fontSize": "14px",
                    "fontWeight": "700",
                    "height": "34px",
                    "lineHeight": "34px",
                    "margin": "10px 0",
                    "position": "relative",
                    "textAlign": "center",
                    "width": "100%",
                  }
                }
              >
                 
                13:30
                 
              </div>
            </div>
            <div
              className="justify-content-center"
            >
              <div
                style={
                  Object {
                    "backgroundColor": "#ccecfa",
                    "borderRadius": "4px",
                    "cursor": "pointer",
                    "fontSize": "14px",
                    "fontWeight": "700",
                    "height": "34px",
                    "lineHeight": "34px",
                    "margin": "10px 0",
                    "position": "relative",
                    "textAlign": "center",
                    "width": "100%",
                  }
                }
              >
                 
                13:30
                 
              </div>
            </div>
          </div>
        </div>
        <div
          style={
            Object {
              "flexBasis": "0px",
              "flexGrow": "1",
              "flexShrink": "0",
              "margin": "0 7px",
              "maxWidth": "75px",
            }
          }
        >
          <div
            style={
              Object {
                "color": "#435f71",
                "fontSize": "14px",
                "marginBottom": "24px",
                "textAlign": "center",
              }
            }
          >
            <p
              style={
                Object {
                  "fontWeight": "700",
                }
              }
            >
              mercredi
            </p>
            <p
              style={
                Object {
                  "fontSize": "14px",
                  "marginBottom": "24px",
                  "textAlign": "center",
                }
              }
            >
               6 juin
            </p>
          </div>
          <div
            style={
              Object {
                "display": "block",
              }
            }
          >
            <div
              className="justify-content-center"
            >
              <div
                style={
                  Object {
                    "backgroundColor": "#ccecfa",
                    "borderRadius": "4px",
                    "cursor": "pointer",
                    "fontSize": "14px",
                    "fontWeight": "700",
                    "height": "34px",
                    "lineHeight": "34px",
                    "margin": "10px 0",
                    "position": "relative",
                    "textAlign": "center",
                    "width": "100%",
                  }
                }
              >
                 
                13:30
                 
              </div>
            </div>
            <div
              className="justify-content-center"
            >
              <div
                style={
                  Object {
                    "backgroundColor": "#ccecfa",
                    "borderRadius": "4px",
                    "cursor": "pointer",
                    "fontSize": "14px",
                    "fontWeight": "700",
                    "height": "34px",
                    "lineHeight": "34px",
                    "margin": "10px 0",
                    "position": "relative",
                    "textAlign": "center",
                    "width": "100%",
                  }
                }
              >
                 
                13:30
                 
              </div>
            </div>
            <div
              className="justify-content-center"
            >
              <div
                style={
                  Object {
                    "backgroundColor": "#ccecfa",
                    "borderRadius": "4px",
                    "cursor": "pointer",
                    "fontSize": "14px",
                    "fontWeight": "700",
                    "height": "34px",
                    "lineHeight": "34px",
                    "margin": "10px 0",
                    "position": "relative",
                    "textAlign": "center",
                    "width": "100%",
                  }
                }
              >
                 
                13:30
                 
              </div>
            </div>
            <div
              className="justify-content-center"
            >
              <div
                style={
                  Object {
                    "backgroundColor": "#ccecfa",
                    "borderRadius": "4px",
                    "cursor": "pointer",
                    "fontSize": "14px",
                    "fontWeight": "700",
                    "height": "34px",
                    "lineHeight": "34px",
                    "margin": "10px 0",
                    "position": "relative",
                    "textAlign": "center",
                    "width": "100%",
                  }
                }
              >
                 
                13:30
                 
              </div>
            </div>
          </div>
        </div>
        <div
          style={
            Object {
              "flexBasis": "0px",
              "flexGrow": "1",
              "flexShrink": "0",
              "margin": "0 7px",
              "maxWidth": "75px",
            }
          }
        >
          <div
            style={
              Object {
                "color": "#435f71",
                "fontSize": "14px",
                "marginBottom": "24px",
                "textAlign": "center",
              }
            }
          >
            <p
              style={
                Object {
                  "fontWeight": "700",
                }
              }
            >
              mercredi
            </p>
            <p
              style={
                Object {
                  "fontSize": "14px",
                  "marginBottom": "24px",
                  "textAlign": "center",
                }
              }
            >
               6 juin
            </p>
          </div>
          <div
            style={
              Object {
                "display": "block",
              }
            }
          >
            <div
              className="justify-content-center"
            >
              <div
                style={
                  Object {
                    "backgroundColor": "#ccecfa",
                    "borderRadius": "4px",
                    "cursor": "pointer",
                    "fontSize": "14px",
                    "fontWeight": "700",
                    "height": "34px",
                    "lineHeight": "34px",
                    "margin": "10px 0",
                    "position": "relative",
                    "textAlign": "center",
                    "width": "100%",
                  }
                }
              >
                 
                13:30
                 
              </div>
            </div>
            <div
              className="justify-content-center"
            >
              <div
                style={
                  Object {
                    "backgroundColor": "#ccecfa",
                    "borderRadius": "4px",
                    "cursor": "pointer",
                    "fontSize": "14px",
                    "fontWeight": "700",
                    "height": "34px",
                    "lineHeight": "34px",
                    "margin": "10px 0",
                    "position": "relative",
                    "textAlign": "center",
                    "width": "100%",
                  }
                }
              >
                 
                13:30
                 
              </div>
            </div>
            <div
              className="justify-content-center"
            >
              <div
                style={
                  Object {
                    "backgroundColor": "#ccecfa",
                    "borderRadius": "4px",
                    "cursor": "pointer",
                    "fontSize": "14px",
                    "fontWeight": "700",
                    "height": "34px",
                    "lineHeight": "34px",
                    "margin": "10px 0",
                    "position": "relative",
                    "textAlign": "center",
                    "width": "100%",
                  }
                }
              >
                 
                13:30
                 
              </div>
            </div>
            <div
              className="justify-content-center"
            >
              <div
                style={
                  Object {
                    "backgroundColor": "#ccecfa",
                    "borderRadius": "4px",
                    "cursor": "pointer",
                    "fontSize": "14px",
                    "fontWeight": "700",
                    "height": "34px",
                    "lineHeight": "34px",
                    "margin": "10px 0",
                    "position": "relative",
                    "textAlign": "center",
                    "width": "100%",
                  }
                }
              >
                 
                13:30
                 
              </div>
            </div>
          </div>
        </div>
      </div>
    </div>
  </div>
  <hr />
  <div
    className="row"
  >
    <div
      className="text-center col"
    >
      <div
        className="form-group"
      >
        <button
          className="btn btn-primary btn-lg active"
          onClick={[Function]}
          type={undefined}
        >
          Récapitulatif
        </button>
      </div>
    </div>
  </div>
  <div
    className="row"
  >
    <div
      className="text-center col"
    >
      <div
        className="container"
      >
        <div
          className="row"
        >
          <div
            className="col"
          >
            linkedin
          </div>
          <div
            className="col"
          >
            projet
          </div>
          <div
            className="col"
          >
            liens
          </div>
        </div>
        <div
          className="row"
        >
          <div
            className="col"
          >
            linkedin
          </div>
          <div
            className="col"
          >
            projet
          </div>
          <div
            className="col"
          >
            liens
          </div>
        </div>
        <div
          className="row"
        >
          <div
            className="col"
          >
            linkedin
          </div>
          <div
            className="col"
          >
            projet
          </div>
          <div
            className="col"
          >
            liens
          </div>
        </div>
      </div>
    </div>
  </div>
</div>
`;
