// Jest Snapshot v1, https://goo.gl/fbAQLP

exports[`renders correctly 1`] = `
<div
  className="mt-3 form-group"
>
  <label
    className=""
    htmlFor="select-client"
  >
    Select client : 
  </label>
  <input
    className="form-control"
    id="select-client"
    max="6"
    min="0"
    onChange={[Function]}
    placeholder="Indiquez le nombre de personnes"
    type="number"
  />
</div>
`;
